// Vitest Snapshot v1, https://vitest.dev/guide/snapshot.html

exports[`JHipster spring-boot generator > exported files > should match snapshot 1`] = `
{
  "docker": [
    {
      "path": "src/main/docker/",
      "templates": [
        "app.yml",
        "jhipster-control-center.yml",
        "sonar.yml",
        "monitoring.yml",
        "prometheus/prometheus.yml",
        "grafana/provisioning/dashboards/dashboard.yml",
        "grafana/provisioning/dashboards/JVM.json",
        "grafana/provisioning/datasources/datasource.yml",
      ],
    },
    {
      "condition": [Function],
      "path": "src/main/docker/",
      "templates": [
        "hazelcast-management-center.yml",
      ],
    },
    {
      "condition": [Function],
      "path": "src/main/docker/",
      "templates": [
        "memcached.yml",
      ],
    },
    {
      "condition": [Function],
      "path": "src/main/docker/",
      "templates": [
        "redis.yml",
        "redis-cluster.yml",
        "redis/Redis-Cluster.Dockerfile",
        "redis/connectRedisCluster.sh",
      ],
    },
    {
      "condition": [Function],
      "path": "src/main/docker/",
      "templates": [
        "elasticsearch.yml",
      ],
    },
    {
      "condition": [Function],
      "path": "src/main/docker/",
      "templates": [
        "kafka.yml",
      ],
    },
    {
      "condition": [Function],
      "path": "src/main/docker/",
      "templates": [
        {
          "file": "config/README.md",
          "renameTo": [Function],
        },
      ],
    },
    {
      "condition": [Function],
      "path": "src/main/docker/",
      "templates": [
        "consul.yml",
        "config/git2consul.json",
        {
          "file": "config/consul-config/application.yml",
          "renameTo": [Function],
        },
      ],
    },
    {
      "condition": [Function],
      "path": "src/main/docker/",
      "templates": [
        "jhipster-registry.yml",
        {
          "file": "config/docker-config/application.yml",
          "renameTo": [Function],
        },
        {
          "file": "config/localhost-config/application.yml",
          "renameTo": [Function],
        },
      ],
    },
    {
      "condition": [Function],
      "path": "src/main/docker/",
      "templates": [
        "swagger-editor.yml",
      ],
    },
    {
      "condition": [Function],
      "path": "src/main/docker/",
      "templates": [
        "keycloak.yml",
        {
          "file": "config/realm-config/jhipster-realm.json",
          "renameTo": [Function],
        },
      ],
    },
    {
      "condition": [Function],
      "path": "src/main/docker/",
      "templates": [
        "zipkin.yml",
      ],
    },
    {
      "condition": [Function],
      "path": "src/main/docker/",
      "templates": [
        "mongodb.yml",
        "mongodb-cluster.yml",
        "mongodb/MongoDB.Dockerfile",
        "mongodb/scripts/init_replicaset.js",
      ],
    },
    {
      "condition": [Function],
      "path": "src/main/docker/",
      "templates": [
        "neo4j.yml",
      ],
    },
    {
      "condition": [Function],
      "path": "src/main/docker/",
      "templates": [
        "cassandra.yml",
        "cassandra-cluster.yml",
        "cassandra-migration.yml",
        "cassandra/Cassandra-Migration.Dockerfile",
        "cassandra/scripts/autoMigrate.sh",
        "cassandra/scripts/execute-cql.sh",
      ],
    },
  ],
  "jib": [
    {
      "path": "src/main/docker/jib/",
      "templates": [
        "entrypoint.sh",
      ],
    },
  ],
  "packageJson": [
    {
      "condition": [Function],
      "path": undefined,
      "templates": [
        "package.json",
      ],
    },
  ],
  "serverBuild": [
    {
      "path": undefined,
      "templates": [
        {
          "file": "checkstyle.xml",
        },
        {
          "file": "devcontainer/devcontainer.json",
          "renameTo": [Function],
        },
        {
          "file": "devcontainer/Dockerfile",
          "renameTo": [Function],
        },
      ],
    },
    {
      "condition": [Function],
      "path": undefined,
      "templates": [
        "build.gradle",
        "settings.gradle",
        "gradle.properties",
        "gradle/sonar.gradle",
        "gradle/docker.gradle",
        {
          "file": "gradle/profile_dev.gradle",
        },
        {
          "file": "gradle/profile_prod.gradle",
        },
        "gradle/war.gradle",
        "gradle/zipkin.gradle",
        {
          "file": "gradlew",
          "method": "copy",
          "noEjs": true,
        },
        {
          "file": "gradlew.bat",
          "method": "copy",
          "noEjs": true,
        },
        {
          "file": "gradle/wrapper/gradle-wrapper.jar",
          "method": "copy",
          "noEjs": true,
        },
        "gradle/wrapper/gradle-wrapper.properties",
      ],
    },
    {
      "condition": [Function],
      "path": undefined,
      "templates": [
        "gradle/swagger.gradle",
      ],
    },
    {
      "condition": [Function],
      "path": undefined,
      "templates": [
        {
          "file": "mvnw",
          "method": "copy",
          "noEjs": true,
        },
        {
          "file": "mvnw.cmd",
          "method": "copy",
          "noEjs": true,
        },
        {
          "file": ".mvn/jvm.config",
          "method": "copy",
          "noEjs": true,
        },
        {
          "file": ".mvn/wrapper/maven-wrapper.jar",
          "method": "copy",
          "noEjs": true,
        },
        {
          "file": ".mvn/wrapper/maven-wrapper.properties",
          "method": "copy",
          "noEjs": true,
        },
        {
          "file": "pom.xml",
        },
      ],
    },
    {
      "condition": [Function],
      "path": undefined,
      "templates": [
        {
          "file": "npmw",
          "method": "copy",
          "noEjs": true,
        },
        {
          "file": "npmw.cmd",
          "method": "copy",
          "noEjs": true,
        },
      ],
    },
    {
      "condition": [Function],
      "templates": [
        {
          "file": "gradle/kotlin.gradle",
        },
      ],
    },
    {
      "templates": [
        {
          "file": "detekt-config.yml",
        },
      ],
    },
  ],
  "serverJavaApp": [
    {
      "path": "src/main/kotlin/",
      "templates": [
        {
          "file": "package/Application.kt",
          "renameTo": [Function],
        },
      ],
    },
    {
      "condition": [Function],
      "path": "src/main/kotlin/",
      "templates": [
        {
          "file": "package/config/EurekaWorkaroundConfiguration.kt",
          "renameTo": [Function],
        },
      ],
    },
    {
      "condition": [Function],
      "path": "src/main/kotlin/",
      "templates": [
        {
          "file": "package/ApplicationWebXml.kt",
          "renameTo": [Function],
        },
      ],
    },
    {
      "path": "src/test/kotlin/",
      "templates": [
        {
          "file": "package/TechnicalStructureTest.kt",
          "renameTo": [Function],
        },
      ],
    },
    {
      "path": "src/test/kotlin/",
      "templates": [
        {
          "file": "package/config/AsyncSyncConfiguration.kt",
          "renameTo": [Function],
        },
        {
          "file": "package/IntegrationTest.kt",
          "renameTo": [Function],
        },
        {
          "file": "package/config/SpringBootTestClassOrderer.kt",
          "renameTo": [Function],
        },
      ],
    },
    {
      "path": "src/main/kotlin/",
      "templates": [
        {
          "file": "package/GeneratedByJHipster.kt",
          "renameTo": [Function],
        },
      ],
    },
  ],
  "serverJavaAuthConfig": [
    {
      "condition": [Function],
      "path": "src/main/kotlin/",
      "templates": [
        {
          "file": "package/security/SpringSecurityAuditorAware.kt",
          "renameTo": [Function],
        },
      ],
    },
    {
      "path": "src/main/kotlin/",
      "templates": [
        {
          "file": "package/security/SecurityUtils.kt",
          "renameTo": [Function],
        },
        {
          "file": "package/security/AuthoritiesConstants.kt",
          "renameTo": [Function],
        },
      ],
    },
    {
      "condition": [Function],
      "path": "src/test/kotlin/",
      "templates": [
        {
          "file": "package/security/SecurityUtilsUnitTest.kt",
          "renameTo": [Function],
        },
      ],
    },
    {
      "condition": [Function],
      "path": "src/test/kotlin/",
      "templates": [
        {
          "file": "package/security/SecurityUtilsUnitTest_reactive.kt",
          "renameTo": [Function],
        },
      ],
    },
    {
      "condition": [Function],
      "path": "src/main/kotlin/",
      "templates": [
        {
          "file": "package/security/jwt/TokenProvider.kt",
          "renameTo": [Function],
        },
        {
          "file": "package/security/jwt/JWTFilter.kt",
          "renameTo": [Function],
        },
        {
          "file": "package/management/SecurityMetersService.kt",
          "renameTo": [Function],
        },
      ],
    },
    {
      "condition": [Function],
      "path": "src/main/kotlin/",
      "templates": [
        {
          "file": "package/security/jwt/JWTConfigurer.kt",
          "renameTo": [Function],
        },
      ],
    },
    {
      "condition": [Function],
      "path": "src/main/kotlin/",
      "templates": [
        {
          "file": "package/security/jwt/JWTRelayGatewayFilterFactory.kt",
          "renameTo": [Function],
        },
      ],
    },
    {
      "condition": [Function],
      "path": "src/main/kotlin/",
      "templates": [
        {
          "file": "package/config/SecurityConfiguration.kt",
          "renameTo": [Function],
        },
      ],
    },
    {
      "condition": [Function],
      "path": "src/main/kotlin/",
      "templates": [
        {
          "file": "package/config/SecurityConfiguration_reactive.kt",
          "renameTo": [Function],
        },
      ],
    },
    {
      "condition": [Function],
      "path": "src/main/kotlin/",
      "templates": [
        {
          "file": "package/security/PersistentTokenRememberMeServices.kt",
          "renameTo": [Function],
        },
        {
          "file": "package/domain/PersistentToken.kt",
          "renameTo": [Function],
        },
      ],
    },
    {
      "condition": [Function],
      "path": "src/main/kotlin/",
      "templates": [
        {
          "file": "package/repository/PersistentTokenRepository.kt",
          "renameTo": [Function],
        },
      ],
    },
    {
      "condition": [Function],
      "path": "src/main/kotlin/",
      "templates": [
        {
          "file": "package/security/oauth2/AudienceValidator.kt",
          "renameTo": [Function],
        },
        {
          "file": "package/security/oauth2/JwtGrantedAuthorityConverter.kt",
          "renameTo": [Function],
        },
        {
          "file": "package/security/oauth2/OAuthIdpTokenResponseDTO.kt",
          "renameTo": [Function],
        },
      ],
    },
    {
      "condition": [Function],
      "path": "src/test/kotlin/",
      "templates": [
        {
          "file": "package/security/oauth2/AudienceValidatorTest.kt",
          "renameTo": [Function],
        },
        {
          "file": "package/config/TestSecurityConfiguration.kt",
          "renameTo": [Function],
        },
      ],
    },
    {
      "condition": [Function],
      "path": "src/test/kotlin/",
      "templates": [
        {
          "file": "package/security/oauth2/AuthorizationHeaderUtilTest.kt",
          "renameTo": [Function],
        },
      ],
    },
    {
      "condition": [Function],
      "path": "src/main/kotlin/",
      "templates": [
        {
          "file": "package/security/DomainUserDetailsService.kt",
          "renameTo": [Function],
        },
        {
          "file": "package/security/UserNotActivatedException.kt",
          "renameTo": [Function],
        },
      ],
    },
    {
      "condition": [Function],
      "path": "src/main/kotlin/",
      "templates": [
        {
          "file": "package/web/rest/vm/LoginVM.kt",
          "renameTo": [Function],
        },
        {
          "file": "package/web/rest/UserJWTController.kt",
          "renameTo": [Function],
        },
      ],
    },
    {
      "condition": [Function],
      "path": "src/main/kotlin/",
      "templates": [
        {
          "file": "package/config/OpenApiConfiguration.kt",
          "renameTo": [Function],
        },
      ],
    },
    {
      "condition": [Function],
      "path": "src/main/kotlin/",
      "templates": [
        {
          "file": "package/security/oauth2/CustomClaimConverter.kt",
          "renameTo": [Function],
        },
      ],
    },
    {
      "condition": [Function],
      "path": "src/test/kotlin/",
      "templates": [
        {
          "file": "package/security/oauth2/CustomClaimConverterIT.kt",
          "renameTo": [Function],
        },
      ],
    },
  ],
  "serverJavaConfig": [
    {
      "path": "src/main/kotlin/",
      "templates": [
        {
          "file": "package/aop/logging/LoggingAspect.kt",
          "renameTo": [Function],
        },
        {
          "file": "package/config/AsyncConfiguration.kt",
          "renameTo": [Function],
        },
        {
          "file": "package/config/CRLFLogConverter.kt",
          "renameTo": [Function],
        },
        {
          "file": "package/config/DateTimeFormatConfiguration.kt",
          "renameTo": [Function],
        },
        {
          "file": "package/config/LoggingConfiguration.kt",
          "renameTo": [Function],
        },
        {
          "file": "package/config/ApplicationProperties.kt",
          "renameTo": [Function],
        },
        {
          "file": "package/config/JacksonConfiguration.kt",
          "renameTo": [Function],
        },
        {
          "file": "package/config/LoggingAspectConfiguration.kt",
          "renameTo": [Function],
        },
        {
          "file": "package/config/WebConfigurer.kt",
          "renameTo": [Function],
        },
      ],
    },
    {
      "condition": [Function],
      "path": "src/main/kotlin/",
      "templates": [
        {
          "file": "package/config/StaticResourcesWebConfiguration.kt",
          "renameTo": [Function],
        },
      ],
    },
    {
      "condition": [Function],
      "path": "src/main/kotlin/",
      "templates": [
        {
          "file": "package/config/Constants.kt",
          "renameTo": [Function],
        },
      ],
    },
    {
      "condition": [Function],
      "path": "src/main/kotlin/",
      "templates": [
        {
          "file": "package/config/LocaleConfiguration.kt",
          "renameTo": [Function],
        },
      ],
    },
    {
      "condition": [Function],
      "path": "src/main/kotlin/",
      "templates": [
        {
          "file": "package/config/ReactorConfiguration.kt",
          "renameTo": [Function],
        },
        {
          "file": "package/config/LocaleConfiguration_reactive.kt",
          "renameTo": [Function],
        },
      ],
    },
    {
      "condition": [Function],
      "path": "src/main/kotlin/",
      "templates": [
        {
          "file": "package/config/CacheConfiguration.kt",
          "renameTo": [Function],
        },
      ],
    },
    {
      "condition": [Function],
      "path": "src/main/kotlin/",
      "templates": [
        {
          "file": "package/config/CacheFactoryConfiguration.kt",
          "renameTo": [Function],
        },
      ],
    },
    {
      "condition": [Function],
      "path": "src/test/kotlin/",
      "templates": [
        {
          "file": "package/config/EmbeddedRedis.kt",
          "renameTo": [Function],
        },
        {
          "file": "package/config/RedisTestContainer.kt",
          "renameTo": [Function],
        },
      ],
    },
    {
      "condition": [Function],
      "path": "src/main/kotlin/",
      "templates": [
        {
          "file": [Function],
          "renameTo": [Function],
        },
      ],
    },
    {
      "condition": [Function],
      "path": "src/main/kotlin/",
      "templates": [
        {
          "file": "package/config/WebsocketConfiguration.kt",
          "renameTo": [Function],
        },
        {
          "file": "package/config/WebsocketSecurityConfiguration.kt",
          "renameTo": [Function],
        },
      ],
    },
    {
      "condition": [Function],
      "path": "src/main/kotlin/",
      "templates": [
        {
          "file": "package/config/ElasticsearchConfiguration.kt",
          "renameTo": [Function],
        },
      ],
    },
  ],
  "serverJavaDomain": [
    {
      "path": "src/main/kotlin/",
      "templates": [],
    },
    {
      "condition": [Function],
      "path": "src/main/kotlin/",
      "templates": [
        {
          "file": "package/domain/AbstractAuditingEntity.kt",
          "renameTo": [Function],
        },
      ],
    },
  ],
  "serverJavaGateway": [
    {
      "condition": [Function],
      "path": "src/main/kotlin/",
      "templates": [
        {
          "file": "package/web/rest/vm/RouteVM.kt",
          "renameTo": [Function],
        },
        {
          "file": "package/web/rest/GatewayResource.kt",
          "renameTo": [Function],
        },
      ],
    },
    {
      "condition": [Function],
      "path": "src/main/kotlin/",
      "templates": [
        {
          "file": "package/web/rest/AuthInfoResource.kt",
          "renameTo": [Function],
        },
      ],
    },
    {
      "condition": [Function],
      "path": "src/main/kotlin/",
      "templates": [
        {
          "file": "package/web/rest/LogoutResource.kt",
          "renameTo": [Function],
        },
      ],
    },
    {
      "condition": [Function],
      "path": "src/main/kotlin/",
      "templates": [
        {
          "file": "package/web/rest/LogoutResource_reactive.kt",
          "renameTo": [Function],
        },
      ],
    },
    {
      "condition": [Function],
      "path": "src/main/kotlin/",
      "templates": [
        {
          "file": "package/web/filter/ModifyServersOpenApiFilter.kt",
          "renameTo": [Function],
        },
      ],
    },
    {
      "condition": [Function],
      "path": "src/test/kotlin/",
      "templates": [
        {
          "file": "package/web/filter/ModifyServersOpenApiFilterTest.kt",
          "renameTo": [Function],
        },
      ],
    },
  ],
  "serverJavaPackageInfo": [
    {
      "condition": [Function],
      "path": "src/main/kotlin/",
      "templates": [],
    },
    {
      "path": "src/main/kotlin/",
      "templates": [],
    },
  ],
  "serverJavaService": [
    {
      "path": "src/main/kotlin/",
      "templates": [],
    },
    {
      "condition": [Function],
      "path": "src/main/kotlin/",
      "templates": [
        {
          "file": "package/config/KafkaSseConsumer.kt",
          "renameTo": [Function],
        },
        {
          "file": "package/config/KafkaSseProducer.kt",
          "renameTo": [Function],
        },
      ],
    },
  ],
  "serverJavaServiceError": [
    {
      "condition": [Function],
      "path": "src/main/kotlin/",
      "templates": [
        {
          "file": "package/service/EmailAlreadyUsedException.kt",
          "renameTo": [Function],
        },
        {
          "file": "package/service/InvalidPasswordException.kt",
          "renameTo": [Function],
        },
        {
          "file": "package/service/UsernameAlreadyUsedException.kt",
          "renameTo": [Function],
        },
      ],
    },
  ],
  "serverJavaUserManagement": [
    {
      "condition": [Function],
      "path": "src/main/kotlin/",
      "templates": [
        {
          "file": "package/domain/User.kt",
          "renameTo": [Function],
        },
      ],
    },
    {
      "condition": [Function],
      "path": "src/main/kotlin/",
      "templates": [
        {
          "file": "package/domain/Authority.kt",
          "renameTo": [Function],
        },
        {
          "file": "package/repository/AuthorityRepository.kt",
          "renameTo": [Function],
        },
      ],
    },
    {
      "condition": [Function],
      "path": "src/main/resources/",
      "templates": [
        "config/liquibase/data/user.csv",
      ],
    },
    {
      "condition": [Function],
      "path": "src/main/resources/",
      "templates": [
        "config/liquibase/data/authority.csv",
        "config/liquibase/data/user_authority.csv",
      ],
    },
    {
      "condition": [Function],
      "path": "src/main/kotlin/",
      "templates": [
        {
          "file": "package/config/Constants.kt",
          "renameTo": [Function],
        },
        {
          "file": "package/service/UserService.kt",
          "renameTo": [Function],
        },
        {
          "file": "package/service/dto/AdminUserDTO.kt",
          "renameTo": [Function],
        },
        {
          "file": "package/service/dto/UserDTO.kt",
          "renameTo": [Function],
        },
      ],
    },
    {
      "condition": [Function],
      "path": "src/main/kotlin/",
      "templates": [
        {
          "file": "package/service/mapper/UserMapper.kt",
          "renameTo": [Function],
        },
        {
          "file": "package/repository/UserRepository.kt",
          "renameTo": [Function],
        },
        {
          "file": "package/web/rest/PublicUserResource.kt",
          "renameTo": [Function],
        },
        {
          "file": "package/web/rest/vm/ManagedUserVM.kt",
          "renameTo": [Function],
        },
      ],
    },
    {
      "condition": [Function],
      "path": "src/main/kotlin/",
      "templates": [
        {
          "file": "package/web/rest/AccountResource.kt",
          "renameTo": [Function],
        },
      ],
    },
    {
      "condition": [Function],
      "path": "src/test/kotlin/",
      "templates": [
        {
          "file": "package/service/UserServiceIT.kt",
          "renameTo": [Function],
        },
      ],
    },
    {
      "condition": [Function],
      "path": "src/test/kotlin/",
      "templates": [
        {
          "file": "package/service/mapper/UserMapperTest.kt",
          "renameTo": [Function],
        },
        {
          "file": "package/web/rest/PublicUserResourceIT.kt",
          "renameTo": [Function],
        },
        {
          "file": "package/web/rest/UserResourceIT.kt",
          "renameTo": [Function],
        },
      ],
    },
    {
      "condition": [Function],
      "path": "src/test/kotlin/",
      "templates": [
        {
          "file": "package/web/rest/AccountResourceIT_skipUserManagement.kt",
          "renameTo": [Function],
        },
      ],
    },
    {
      "condition": [Function],
      "path": "src/test/kotlin/",
      "templates": [
        {
          "file": "package/web/rest/AccountResourceIT_oauth2.kt",
          "renameTo": [Function],
        },
      ],
    },
    {
      "condition": [Function],
      "path": "src/main/kotlin/",
      "templates": [
        {
          "file": "package/repository/search/UserSearchRepository.kt",
          "renameTo": [Function],
        },
      ],
    },
    {
      "condition": [Function],
      "path": "src/main/resources/",
      "templates": [
        "templates/mail/activationEmail.html",
        "templates/mail/creationEmail.html",
        "templates/mail/passwordResetEmail.html",
      ],
    },
    {
      "condition": [Function],
      "path": "src/test/resources/",
      "templates": [
        "templates/mail/activationEmail.html",
        "templates/mail/creationEmail.html",
        "templates/mail/passwordResetEmail.html",
      ],
    },
    {
      "condition": [Function],
      "path": "src/main/kotlin/",
      "templates": [
        {
          "file": "package/repository/UserRepository.kt",
          "renameTo": [Function],
        },
        {
          "file": "package/service/UserService.kt",
          "renameTo": [Function],
        },
        {
          "file": "package/service/MailService.kt",
          "renameTo": [Function],
        },
        {
          "file": "package/service/dto/AdminUserDTO.kt",
          "renameTo": [Function],
        },
        {
          "file": "package/service/dto/UserDTO.kt",
          "renameTo": [Function],
        },
        {
          "file": "package/service/dto/PasswordChangeDTO.kt",
          "renameTo": [Function],
        },
        {
          "file": "package/web/rest/vm/ManagedUserVM.kt",
          "renameTo": [Function],
        },
        {
          "file": "package/web/rest/AccountResource.kt",
          "renameTo": [Function],
        },
        {
          "file": "package/web/rest/UserResource.kt",
          "renameTo": [Function],
        },
        {
          "file": "package/web/rest/PublicUserResource.kt",
          "renameTo": [Function],
        },
        {
          "file": "package/web/rest/vm/KeyAndPasswordVM.kt",
          "renameTo": [Function],
        },
        {
          "file": "package/service/mapper/UserMapper.kt",
          "renameTo": [Function],
        },
      ],
    },
    {
      "condition": [Function],
      "path": "src/main/kotlin/",
      "templates": [
        {
          "file": "package/repository/search/UserSearchRepository.kt",
          "renameTo": [Function],
        },
      ],
    },
    {
      "condition": [Function],
      "path": "src/test/resources/",
      "templates": [
        "testcontainers.properties",
        "META-INF/spring.factories",
      ],
    },
    {
      "condition": [Function],
      "path": "src/test/kotlin/",
      "templates": [
        {
          "file": "package/config/TestContainersSpringContextCustomizerFactory.kt",
          "renameTo": [Function],
        },
      ],
    },
    {
      "condition": [Function],
      "path": "src/test/kotlin/",
      "templates": [
        {
          "file": "package/config/EmbeddedElasticsearch.kt",
          "renameTo": [Function],
        },
        {
          "file": "package/config/ElasticsearchTestContainer.kt",
          "renameTo": [Function],
        },
      ],
    },
    {
      "condition": [Function],
      "path": "src/test/kotlin/",
      "templates": [
        {
          "file": "package/config/ElasticsearchTestConfiguration.kt",
          "renameTo": [Function],
        },
      ],
    },
    {
      "condition": [Function],
      "path": "src/test/kotlin/",
      "templates": [
        {
          "file": "package/management/SecurityMetersServiceTests.kt",
          "renameTo": [Function],
        },
        {
          "file": "package/security/jwt/TokenProviderTest.kt",
          "renameTo": [Function],
        },
        {
          "file": "package/security/jwt/TokenProviderSecurityMetersTests.kt",
          "renameTo": [Function],
        },
        {
          "file": "package/security/jwt/JWTFilterTest.kt",
          "renameTo": [Function],
        },
      ],
    },
    {
      "condition": [Function],
      "path": "src/test/kotlin/",
      "templates": [
        {
          "file": "package/web/rest/UserJWTControllerIT.kt",
          "renameTo": [Function],
        },
      ],
    },
    {
      "condition": [Function],
      "path": "src/test/kotlin/",
      "templates": [
        {
          "file": "package/cucumber/stepdefs/UserStepDefs.kt",
          "renameTo": [Function],
        },
      ],
    },
    {
      "condition": [Function],
      "path": "src/test/resources/",
      "templates": [
        {
          "file": "package/features/user/user.feature",
          "renameTo": [Function],
        },
      ],
    },
    {
      "condition": [Function],
      "path": "src/test/resources/",
      "templates": [
        "templates/mail/testEmail.html",
      ],
    },
    {
      "condition": [Function],
      "path": "src/test/resources/",
      "templates": [
        "i18n/messages_en.properties",
      ],
    },
    {
      "condition": [Function],
      "path": "src/test/kotlin/",
      "templates": [
        {
          "file": "package/service/MailServiceIT.kt",
          "renameTo": [Function],
        },
        {
          "file": "package/service/UserServiceIT.kt",
          "renameTo": [Function],
        },
        {
          "file": "package/service/mapper/UserMapperTest.kt",
          "renameTo": [Function],
        },
        {
          "file": "package/web/rest/PublicUserResourceIT.kt",
          "renameTo": [Function],
        },
        {
          "file": "package/web/rest/UserResourceIT.kt",
          "renameTo": [Function],
        },
      ],
    },
    {
      "condition": [Function],
      "path": "src/test/kotlin/",
      "templates": [
        {
          "file": "package/web/rest/AccountResourceIT.kt",
          "renameTo": [Function],
        },
      ],
    },
    {
      "condition": [Function],
      "path": "src/test/kotlin/",
      "templates": [
        {
          "file": "package/web/rest/AccountResourceIT_oauth2.kt",
          "renameTo": [Function],
        },
      ],
    },
    {
      "path": "src/test/kotlin/",
      "templates": [
        {
          "file": "package/web/rest/WithUnauthenticatedMockUser.kt",
          "renameTo": [Function],
        },
      ],
    },
  ],
  "serverJavaWeb": [
    {
      "path": "src/main/kotlin/",
      "templates": [],
    },
    {
      "condition": [Function],
      "path": "src/main/kotlin/",
      "templates": [
        {
          "file": "package/web/rest/ClientForwardController.kt",
          "renameTo": [Function],
        },
      ],
    },
    {
      "condition": [Function],
      "path": "src/main/kotlin/",
      "templates": [
        {
          "file": "package/web/filter/SpaWebFilter.kt",
          "renameTo": [Function],
        },
      ],
    },
    {
      "condition": [Function],
      "path": "src/main/kotlin/",
      "templates": [
        {
          "file": "package/web/rest/KafkaResource_reactive.kt",
          "renameTo": [Function],
        },
      ],
    },
    {
      "condition": [Function],
      "path": "src/main/kotlin/",
      "templates": [
        {
          "file": "package/web/rest/KafkaResource.kt",
          "renameTo": [Function],
        },
      ],
    },
  ],
  "serverJavaWebError": [
    {
      "path": "src/main/kotlin/",
      "templates": [
        {
          "file": "package/web/rest/errors/BadRequestAlertException.kt",
          "renameTo": [Function],
        },
        {
          "file": "package/web/rest/errors/ErrorConstants.kt",
          "renameTo": [Function],
        },
        {
          "file": "package/web/rest/errors/ExceptionTranslator.kt",
          "renameTo": [Function],
        },
        {
          "file": "package/web/rest/errors/FieldErrorVM.kt",
          "renameTo": [Function],
        },
      ],
    },
    {
      "condition": [Function],
      "path": "src/main/kotlin/",
      "templates": [
        {
          "file": "package/web/rest/errors/EmailAlreadyUsedException.kt",
          "renameTo": [Function],
        },
        {
          "file": "package/web/rest/errors/InvalidPasswordException.kt",
          "renameTo": [Function],
        },
        {
          "file": "package/web/rest/errors/LoginAlreadyUsedException.kt",
          "renameTo": [Function],
        },
      ],
    },
  ],
  "serverJavaWebsocket": [
    {
      "condition": [Function],
      "path": "src/main/kotlin/",
      "templates": [
        {
          "file": "package/web/websocket/ActivityService.kt",
          "renameTo": [Function],
        },
        {
          "file": "package/web/websocket/dto/ActivityDTO.kt",
          "renameTo": [Function],
        },
      ],
    },
  ],
  "serverMicroservice": [
    {
      "condition": [Function],
      "path": "src/main/kotlin/",
      "templates": [
        {
          "file": "package/config/FeignConfiguration.kt",
          "renameTo": [Function],
        },
        {
          "file": "package/client/JWT_UserFeignClientInterceptor.kt",
          "renameTo": [Function],
        },
      ],
    },
    {
      "condition": [Function],
      "path": "src/main/kotlin/",
      "templates": [
        {
          "file": "package/security/oauth2/AuthorizationHeaderUtil.kt",
          "renameTo": [Function],
        },
        {
          "file": "package/config/FeignConfiguration.kt",
          "renameTo": [Function],
        },
        {
          "file": "package/client/AuthorizedFeignClient.kt",
          "renameTo": [Function],
        },
        {
          "file": "package/client/OAuth2InterceptedFeignConfiguration.kt",
          "renameTo": [Function],
        },
        {
          "file": "package/client/TokenRelayRequestInterceptor.kt",
          "renameTo": [Function],
        },
      ],
    },
    {
      "condition": [Function],
      "path": "src/main/kotlin/",
      "templates": [
        {
          "file": "package/config/RestTemplateConfiguration.kt",
          "renameTo": [Function],
        },
      ],
    },
    {
      "condition": [Function],
      "path": "src/main/resources/",
      "templates": [
        {
          "file": "static/microservices_index.html",
          "renameTo": [Function],
        },
      ],
    },
  ],
  "serverMicroserviceAndGateway": [
    {
      "condition": [Function],
      "path": "src/main/resources/",
      "templates": [
        "config/bootstrap.yml",
        "config/bootstrap-prod.yml",
      ],
    },
  ],
  "serverResource": [
    {
      "condition": [Function],
      "path": "src/main/resources/",
      "templates": [
        {
          "file": "banner-react.txt",
          "method": "copy",
          "noEjs": true,
          "renameTo": [Function],
        },
      ],
    },
    {
      "condition": [Function],
      "path": "src/main/resources/",
      "templates": [
        {
          "file": "banner-vue.txt",
          "method": "copy",
          "noEjs": true,
          "renameTo": [Function],
        },
      ],
    },
    {
      "condition": [Function],
      "path": "src/main/resources/",
      "templates": [
        {
          "file": "banner.txt",
          "method": "copy",
          "noEjs": true,
        },
      ],
    },
    {
      "condition": [Function],
      "path": "src/main/resources/",
      "templates": [
        "swagger/api.yml",
      ],
    },
    {
      "path": "src/main/resources/",
      "templates": [
        "templates/error.html",
        "logback-spring.xml",
        "config/application.yml",
        "config/application-dev.yml",
        "config/application-tls.yml",
        "config/application-prod.yml",
        "i18n/messages.properties",
      ],
    },
    {
      "condition": [Function],
      "path": "src/main/resources/",
      "templates": [
        {
          "file": "config/liquibase/changelog/initial_schema.xml",
          "override": [Function],
          "renameTo": [Function],
        },
        {
          "file": "config/liquibase/master.xml",
          "override": [Function],
        },
      ],
    },
    {
      "condition": [Function],
      "path": "src/main/kotlin/",
      "templates": [],
    },
    {
      "condition": [Function],
      "path": "src/main/kotlin/",
      "templates": [
        {
          "file": "package/config/dbmigrations/InitialSetupMigration.kt",
          "renameTo": [Function],
        },
      ],
    },
    {
      "condition": [Function],
      "path": "src/test/kotlin/",
      "templates": [
        {
          "file": "package/config/MongoDbTestContainer.kt",
          "renameTo": [Function],
        },
        {
          "file": "package/config/EmbeddedMongo.kt",
          "renameTo": [Function],
        },
      ],
    },
    {
      "condition": [Function],
      "path": "src/main/kotlin/",
      "templates": [
        {
          "file": "package/config/neo4j/Neo4jMigrations.kt",
          "renameTo": [Function],
        },
      ],
    },
    {
      "condition": [Function],
      "path": "src/main/resources/",
      "templates": [
        "config/neo4j/migrations/user__admin.json",
        "config/neo4j/migrations/user__user.json",
      ],
    },
    {
      "condition": [Function],
      "path": "src/main/resources/",
      "templates": [
        "config/cql/create-keyspace-prod.cql",
        "config/cql/create-keyspace.cql",
        "config/cql/drop-keyspace.cql",
        "config/cql/changelog/README.md",
      ],
    },
    {
      "condition": [Function],
      "path": "src/main/resources/",
      "templates": [
        {
          "file": "config/cql/changelog/create-tables.cql",
          "renameTo": [Function],
        },
        {
          "file": "config/cql/changelog/insert_default_users.cql",
          "renameTo": [Function],
        },
      ],
    },
  ],
  "serverTestFw": [
    {
      "path": "src/test/kotlin/",
      "templates": [
        {
          "file": "package/web/rest/TestUtil.kt",
          "renameTo": [Function],
        },
        {
          "file": "package/web/rest/errors/ExceptionTranslatorTestController.kt",
          "renameTo": [Function],
        },
      ],
    },
    {
      "condition": [Function],
      "path": "src/test/kotlin/",
      "templates": [
        {
          "file": "package/web/rest/errors/ExceptionTranslatorIT.kt",
          "renameTo": [Function],
        },
      ],
    },
    {
      "condition": [Function],
      "path": "src/test/kotlin/",
      "templates": [
        {
          "file": "package/web/rest/errors/ExceptionTranslatorIT_reactive.kt",
          "renameTo": [Function],
        },
      ],
    },
    {
      "condition": [Function],
      "path": "src/test/kotlin/",
      "templates": [
        {
          "file": "package/web/rest/ClientForwardControllerTest.kt",
          "renameTo": [Function],
        },
      ],
    },
    {
      "path": "src/test/resources/",
      "templates": [
        "config/application.yml",
        "logback.xml",
        "junit-platform.properties",
      ],
    },
    {
      "condition": [Function],
      "path": "src/test/kotlin/",
      "templates": [
        {
          "file": "package/config/WebConfigurerTest.kt",
          "renameTo": [Function],
        },
        {
          "file": "package/config/WebConfigurerTestController.kt",
          "renameTo": [Function],
        },
      ],
    },
    {
      "condition": [Function],
      "path": "src/test/kotlin/",
      "templates": [
        {
          "file": "package/config/StaticResourcesWebConfigurerTest.kt",
          "renameTo": [Function],
        },
      ],
    },
    {
      "condition": [Function],
      "path": "src/test/resources/",
      "templates": [
        "config/bootstrap.yml",
      ],
    },
    {
      "condition": [Function],
      "path": "src/test/kotlin/",
      "templates": [
        {
          "file": "package/web/rest/LogoutResourceIT.kt",
          "renameTo": [Function],
        },
      ],
    },
    {
      "condition": [Function],
      "path": "src/test/",
      "templates": [
        "gatling/conf/gatling.conf",
        "gatling/conf/logback.xml",
      ],
    },
    {
      "condition": [Function],
      "path": "src/test/kotlin/",
      "templates": [
        {
          "file": "package/cucumber/CucumberIT.kt",
          "renameTo": [Function],
        },
        {
          "file": "package/cucumber/stepdefs/StepDefs.kt",
          "renameTo": [Function],
        },
        {
          "file": "package/cucumber/CucumberTestContextConfiguration.kt",
          "renameTo": [Function],
        },
      ],
    },
    {
      "condition": [Function],
      "path": "src/test/resources/",
      "templates": [
        {
          "file": "package/features/gitkeep",
          "noEjs": true,
          "renameTo": [Function],
        },
      ],
    },
    {
      "condition": [Function],
      "path": "src/test/kotlin/",
      "templates": [
        {
          "file": "package/security/DomainUserDetailsServiceIT.kt",
          "renameTo": [Function],
        },
      ],
    },
    {
      "condition": [Function],
      "path": "src/test/kotlin/",
      "templates": [
        {
          "file": "package/config/KafkaTestContainer.kt",
          "renameTo": [Function],
        },
        {
          "file": "package/config/EmbeddedKafka.kt",
          "renameTo": [Function],
        },
      ],
    },
    {
      "condition": [Function],
      "path": "src/test/kotlin/",
      "templates": [
        {
          "file": "package/web/rest/KafkaResourceIT.kt",
          "renameTo": [Function],
        },
      ],
    },
    {
      "condition": [Function],
      "path": "src/test/kotlin/",
      "templates": [
        {
          "file": "package/web/rest/KafkaResourceIT_reactive.kt",
          "renameTo": [Function],
        },
      ],
    },
    {
      "condition": [Function],
      "path": "src/test/kotlin/",
      "templates": [
        {
          "file": "package/config/Neo4jTestContainer.kt",
          "renameTo": [Function],
        },
        {
          "file": "package/config/EmbeddedNeo4j.kt",
          "renameTo": [Function],
        },
      ],
    },
    {
      "condition": [Function],
      "path": "src/test/kotlin/",
      "templates": [
        {
          "file": "package/CassandraKeyspaceIT.kt",
          "renameTo": [Function],
        },
        {
          "file": "package/config/CassandraTestContainer.kt",
          "renameTo": [Function],
        },
        {
          "file": "package/config/EmbeddedCassandra.kt",
          "renameTo": [Function],
        },
      ],
    },
  ],
  "serverTestReactive": [
    {
      "condition": [Function],
      "path": "src/test/kotlin/",
      "templates": [
        {
          "file": "package/config/JHipsterBlockHoundIntegration.kt",
          "renameTo": [Function],
        },
      ],
    },
    {
      "condition": [Function],
      "path": "src/test/resources/",
      "templates": [
        "META-INF/services/reactor.blockhound.integration.BlockHoundIntegration",
      ],
    },
  ],
  "springBootOauth2": [
    {
      "condition": [Function],
      "path": "src/main/kotlin/",
      "templates": [
        {
          "file": "package/config/OAuth2Configuration.kt",
          "renameTo": [Function],
        },
      ],
    },
    {
      "condition": [Function],
      "path": "src/main/kotlin/",
      "templates": [
        {
          "file": [Function],
          "renameTo": [Function],
        },
      ],
    },
    {
      "condition": [Function],
      "path": "src/test/kotlin/",
      "templates": [
        {
          "file": "package/test/util/OAuth2TestUtil.kt",
          "renameTo": [Function],
        },
      ],
    },
  ],
}
`;
