// Vitest Snapshot v1, https://vitest.dev/guide/snapshot.html

exports[`generator - github-build-matrix > with angular > should match matrix value 1`] = `
{
  "include": [
    {
      "app-sample": "ng-default",
      "default-environment": "prod",
      "entity": "sqlfull",
      "java-version": "17",
      "job-name": "ng-default",
      "jwt-secret-key": "ZjY4MTM4YjI5YzMwZjhjYjI2OTNkNTRjMWQ5Y2Q0Y2YwOWNmZTE2NzRmYzU3NTMwM2NjOTE3MTllOTM3MWRkMzcyYTljMjVmNmQ0Y2MxOTUzODc0MDhhMTlkMDIxMzI2YzQzZDM2ZDE3MmQ3NjVkODk3OTVmYzljYTQyZDNmMTQ=",
      "node-version": "22.12.0",
      "npm-version": "11.0.0",
      "os": "ubuntu-latest",
      "sample": "ng-default",
      "samples-group": "angular",
      "sonar-analyse": "true",
    },
    {
      "app-sample": "ng-default",
      "default-environment": "prod",
      "entity": "none",
      "java-version": "17",
      "jdl-entity": "custom-id,entities",
      "job-name": "ng-default-additional",
      "jwt-secret-key": "ZjY4MTM4YjI5YzMwZjhjYjI2OTNkNTRjMWQ5Y2Q0Y2YwOWNmZTE2NzRmYzU3NTMwM2NjOTE3MTllOTM3MWRkMzcyYTljMjVmNmQ0Y2MxOTUzODc0MDhhMTlkMDIxMzI2YzQzZDM2ZDE3MmQ3NjVkODk3OTVmYzljYTQyZDNmMTQ=",
      "node-version": "22.12.0",
      "npm-version": "11.0.0",
      "os": "ubuntu-latest",
      "sample": "ng-default-additional",
      "samples-group": "angular",
    },
    {
      "app-sample": "ng-mongodb-kafka-cucumber",
      "default-environment": "prod",
      "entity": "mongodb",
      "environment": "dev",
      "java-version": "17",
      "job-name": "ng-mongodb-kafka-cucumber",
      "jwt-secret-key": "ZjY4MTM4YjI5YzMwZjhjYjI2OTNkNTRjMWQ5Y2Q0Y2YwOWNmZTE2NzRmYzU3NTMwM2NjOTE3MTllOTM3MWRkMzcyYTljMjVmNmQ0Y2MxOTUzODc0MDhhMTlkMDIxMzI2YzQzZDM2ZDE3MmQ3NjVkODk3OTVmYzljYTQyZDNmMTQ=",
      "node-version": "22.12.0",
      "npm-version": "11.0.0",
      "os": "ubuntu-latest",
      "sample": "ng-mongodb-kafka-cucumber",
      "samples-group": "angular",
    },
    {
      "app-sample": "ng-gradle-fr",
      "default-environment": "prod",
      "entity": "sql",
      "java-version": "17",
      "job-name": "ng-gradle-fr",
      "jwt-secret-key": "ZjY4MTM4YjI5YzMwZjhjYjI2OTNkNTRjMWQ5Y2Q0Y2YwOWNmZTE2NzRmYzU3NTMwM2NjOTE3MTllOTM3MWRkMzcyYTljMjVmNmQ0Y2MxOTUzODc0MDhhMTlkMDIxMzI2YzQzZDM2ZDE3MmQ3NjVkODk3OTVmYzljYTQyZDNmMTQ=",
      "node-version": "22.12.0",
      "npm-version": "11.0.0",
      "os": "ubuntu-latest",
      "sample": "ng-gradle-fr",
      "samples-group": "angular",
    },
    {
      "app-sample": "ng-gradle-h2disk-ws-nocache",
      "default-environment": "prod",
      "entity": "sql",
      "environment": "dev",
      "java-version": "17",
      "job-name": "ng-gradle-h2disk-ws-nocache",
      "jwt-secret-key": "ZjY4MTM4YjI5YzMwZjhjYjI2OTNkNTRjMWQ5Y2Q0Y2YwOWNmZTE2NzRmYzU3NTMwM2NjOTE3MTllOTM3MWRkMzcyYTljMjVmNmQ0Y2MxOTUzODc0MDhhMTlkMDIxMzI2YzQzZDM2ZDE3MmQ3NjVkODk3OTVmYzljYTQyZDNmMTQ=",
      "node-version": "22.12.0",
      "npm-version": "11.0.0",
      "os": "ubuntu-latest",
      "sample": "ng-gradle-h2disk-ws-nocache",
      "samples-group": "angular",
      "testcontainers": "false",
      "war": 1,
    },
    {
      "app-sample": "webflux-mongodb",
      "default-environment": "prod",
      "entity": "mongodb",
      "java-version": "17",
      "job-name": "ng-webflux-mongodb",
      "jwt-secret-key": "ZjY4MTM4YjI5YzMwZjhjYjI2OTNkNTRjMWQ5Y2Q0Y2YwOWNmZTE2NzRmYzU3NTMwM2NjOTE3MTllOTM3MWRkMzcyYTljMjVmNmQ0Y2MxOTUzODc0MDhhMTlkMDIxMzI2YzQzZDM2ZDE3MmQ3NjVkODk3OTVmYzljYTQyZDNmMTQ=",
      "node-version": "22.12.0",
      "npm-version": "11.0.0",
      "os": "ubuntu-latest",
      "sample": "ng-webflux-mongodb",
      "samples-group": "angular",
    },
    {
      "app-sample": "webflux-mongodb-oauth2",
      "default-environment": "prod",
      "entity": "mongodb",
      "java-version": "17",
      "job-name": "ng-webflux-gradle-mongodb-oauth2",
      "jwt-secret-key": "ZjY4MTM4YjI5YzMwZjhjYjI2OTNkNTRjMWQ5Y2Q0Y2YwOWNmZTE2NzRmYzU3NTMwM2NjOTE3MTllOTM3MWRkMzcyYTljMjVmNmQ0Y2MxOTUzODc0MDhhMTlkMDIxMzI2YzQzZDM2ZDE3MmQ3NjVkODk3OTVmYzljYTQyZDNmMTQ=",
      "node-version": "22.12.0",
      "npm-version": "11.0.0",
      "os": "ubuntu-latest",
      "sample": "ng-webflux-gradle-mongodb-oauth2",
      "samples-group": "angular",
    },
    {
      "app-sample": "webflux-psql",
      "default-environment": "prod",
      "entity": "sql",
      "java-version": "17",
      "job-name": "ng-webflux-psql-default",
      "jwt-secret-key": "ZjY4MTM4YjI5YzMwZjhjYjI2OTNkNTRjMWQ5Y2Q0Y2YwOWNmZTE2NzRmYzU3NTMwM2NjOTE3MTllOTM3MWRkMzcyYTljMjVmNmQ0Y2MxOTUzODc0MDhhMTlkMDIxMzI2YzQzZDM2ZDE3MmQ3NjVkODk3OTVmYzljYTQyZDNmMTQ=",
      "node-version": "22.12.0",
      "npm-version": "11.0.0",
      "os": "ubuntu-latest",
      "sample": "ng-webflux-psql-default",
      "samples-group": "angular",
    },
    {
      "default-environment": "prod",
      "java-version": "17",
      "jdl-samples": "webflux-psql,custom-domain",
      "job-name": "ng-webflux-psql-additional",
      "jwt-secret-key": "ZjY4MTM4YjI5YzMwZjhjYjI2OTNkNTRjMWQ5Y2Q0Y2YwOWNmZTE2NzRmYzU3NTMwM2NjOTE3MTllOTM3MWRkMzcyYTljMjVmNmQ0Y2MxOTUzODc0MDhhMTlkMDIxMzI2YzQzZDM2ZDE3MmQ3NjVkODk3OTVmYzljYTQyZDNmMTQ=",
      "node-version": "22.12.0",
      "npm-version": "11.0.0",
      "os": "ubuntu-latest",
      "sample": "ng-webflux-psql-additional",
      "samples-group": "angular",
    },
    {
      "app-sample": "webflux-gradle-session-h2mem-es",
      "default-environment": "prod",
      "entity": "sqllight",
      "environment": "dev",
      "java-version": "17",
      "job-name": "ng-webflux-gradle-session-h2mem-es",
      "jwt-secret-key": "ZjY4MTM4YjI5YzMwZjhjYjI2OTNkNTRjMWQ5Y2Q0Y2YwOWNmZTE2NzRmYzU3NTMwM2NjOTE3MTllOTM3MWRkMzcyYTljMjVmNmQ0Y2MxOTUzODc0MDhhMTlkMDIxMzI2YzQzZDM2ZDE3MmQ3NjVkODk3OTVmYzljYTQyZDNmMTQ=",
      "node-version": "22.12.0",
      "npm-version": "11.0.0",
      "os": "ubuntu-latest",
      "sample": "ng-webflux-gradle-session-h2mem-es",
      "samples-group": "angular",
    },
    {
      "default-environment": "prod",
      "extra-args": "--workspaces --monorepository",
      "java-version": "17",
      "jdl-samples": "mf-ng-eureka-jwt-psql-ehcache",
      "job-name": "mf-ng-eureka-jwt-psql-ehcache",
      "jwt-secret-key": "ZjY4MTM4YjI5YzMwZjhjYjI2OTNkNTRjMWQ5Y2Q0Y2YwOWNmZTE2NzRmYzU3NTMwM2NjOTE3MTllOTM3MWRkMzcyYTljMjVmNmQ0Y2MxOTUzODc0MDhhMTlkMDIxMzI2YzQzZDM2ZDE3MmQ3NjVkODk3OTVmYzljYTQyZDNmMTQ=",
      "node-version": "22.12.0",
      "npm-version": "11.0.0",
      "os": "ubuntu-latest",
      "sample": "mf-ng-eureka-jwt-psql-ehcache",
      "samples-group": "angular",
      "workspaces": "true",
    },
  ],
}
`;

exports[`generator - github-build-matrix > with react > should match matrix value 1`] = `
{
  "include": [
    {
      "app-sample": "react-default",
      "default-environment": "prod",
      "entity": "sqlfull",
      "java-version": "17",
      "job-name": "react-default",
      "jwt-secret-key": "ZjY4MTM4YjI5YzMwZjhjYjI2OTNkNTRjMWQ5Y2Q0Y2YwOWNmZTE2NzRmYzU3NTMwM2NjOTE3MTllOTM3MWRkMzcyYTljMjVmNmQ0Y2MxOTUzODc0MDhhMTlkMDIxMzI2YzQzZDM2ZDE3MmQ3NjVkODk3OTVmYzljYTQyZDNmMTQ=",
      "node-version": "22.12.0",
      "npm-version": "11.0.0",
      "os": "ubuntu-latest",
      "sample": "react-default",
      "samples-group": "react",
    },
    {
      "app-sample": "react-maven-h2mem-memcached",
      "default-environment": "prod",
      "entity": "sql",
      "java-version": "17",
      "job-name": "react-maven-h2mem-memcached",
      "jwt-secret-key": "ZjY4MTM4YjI5YzMwZjhjYjI2OTNkNTRjMWQ5Y2Q0Y2YwOWNmZTE2NzRmYzU3NTMwM2NjOTE3MTllOTM3MWRkMzcyYTljMjVmNmQ0Y2MxOTUzODc0MDhhMTlkMDIxMzI2YzQzZDM2ZDE3MmQ3NjVkODk3OTVmYzljYTQyZDNmMTQ=",
      "node-version": "22.12.0",
      "npm-version": "11.0.0",
      "os": "ubuntu-latest",
      "sample": "react-maven-h2mem-memcached",
      "samples-group": "react",
    },
    {
      "app-sample": "react-gradle-cassandra-session-redis",
      "default-environment": "prod",
      "entity": "cassandra",
      "java-version": "17",
      "job-name": "react-gradle-cassandra-session-redis",
      "jwt-secret-key": "ZjY4MTM4YjI5YzMwZjhjYjI2OTNkNTRjMWQ5Y2Q0Y2YwOWNmZTE2NzRmYzU3NTMwM2NjOTE3MTllOTM3MWRkMzcyYTljMjVmNmQ0Y2MxOTUzODc0MDhhMTlkMDIxMzI2YzQzZDM2ZDE3MmQ3NjVkODk3OTVmYzljYTQyZDNmMTQ=",
      "node-version": "22.12.0",
      "npm-version": "11.0.0",
      "os": "ubuntu-latest",
      "sample": "react-gradle-cassandra-session-redis",
      "samples-group": "react",
    },
  ],
}
`;
